
> subway-board-backend@1.0.0 test
> jest tests/post.test.js

  console.error
    Test App Error: ReferenceError: next is not defined
        at C:\side\backend\src\controllers\postController.js:14:5
        at fn (C:\side\backend\src\utils\asyncHandler.js:3:9)
        at Layer.handleRequest (C:\side\backend\node_modules\router\lib\layer.js:152:17)
        at next (C:\side\backend\node_modules\router\lib\route.js:157:13)
        at Route.dispatch (C:\side\backend\node_modules\router\lib\route.js:117:3)
        at handle (C:\side\backend\node_modules\router\index.js:435:11)
        at Layer.handleRequest (C:\side\backend\node_modules\router\lib\layer.js:152:17)
        at C:\side\backend\node_modules\router\index.js:295:15
        at param (C:\side\backend\node_modules\router\index.js:600:14)
        at param (C:\side\backend\node_modules\router\index.js:610:14)
        at processParams (C:\side\backend\node_modules\router\index.js:664:3)
        at next (C:\side\backend\node_modules\router\index.js:291:5)
        at next (C:\side\backend\tests\post.test.js:30:5)
        at Layer.handleRequest (C:\side\backend\node_modules\router\lib\layer.js:152:17)
        at trimPrefix (C:\side\backend\node_modules\router\index.js:342:13)
        at C:\side\backend\node_modules\router\index.js:297:9
        at processParams (C:\side\backend\node_modules\router\index.js:582:12)
        at next (C:\side\backend\node_modules\router\index.js:291:5)
        at read (C:\side\backend\node_modules\body-parser\lib\read.js:53:5)
        at jsonParser (C:\side\backend\node_modules\body-parser\lib\types\json.js:88:5)
        at Layer.handleRequest (C:\side\backend\node_modules\router\lib\layer.js:152:17)
        at trimPrefix (C:\side\backend\node_modules\router\index.js:342:13)
        at C:\side\backend\node_modules\router\index.js:297:9
        at processParams (C:\side\backend\node_modules\router\index.js:582:12)
        at next (C:\side\backend\node_modules\router\index.js:291:5)
        at Function.handle (C:\side\backend\node_modules\router\index.js:186:3)
        at Function.handle (C:\side\backend\node_modules\express\lib\application.js:177:15)
        at Server.app (C:\side\backend\node_modules\express\lib\express.js:38:9)
        at Server.emit (node:events:524:28)
        at parserOnIncoming (node:_http_server:1141:12)
        at HTTPParser.parserOnHeadersComplete (node:_http_common:118:17)

    [0m [90m 38 |[39m [90m// Error Handler[39m
     [90m 39 |[39m app[33m.[39muse((err[33m,[39m req[33m,[39m res[33m,[39m next) [33m=>[39m {
    [31m[1m>[22m[39m[90m 40 |[39m     console[33m.[39merror([32m'Test App Error:'[39m[33m,[39m err)[33m;[39m [90m// Log error for debugging[39m
     [90m    |[39m             [31m[1m^[22m[39m
     [90m 41 |[39m     [36mconst[39m statusCode [33m=[39m err[33m.[39mstatusCode [33m||[39m [35m500[39m[33m;[39m
     [90m 42 |[39m     res[33m.[39mstatus(statusCode)[33m.[39mjson({
     [90m 43 |[39m         error[33m:[39m {[0m

      at error (tests/post.test.js:40:13)
      at Layer.handleError (node_modules/router/lib/layer.js:116:17)
      at trimPrefix (node_modules/router/index.js:340:13)
      at node_modules/router/index.js:297:9
      at processParams (node_modules/router/index.js:582:12)
      at next (node_modules/router/index.js:291:5)
      at next (node_modules/router/lib/route.js:132:14)

  console.log
    GET /line/999 failed body: { error: { message: 'next is not defined' } }

      at Object.log (tests/post.test.js:73:49)

  console.error
    Test App Error: TypeError: Cannot read properties of undefined (reading 'rows')
        at rows (C:\side\backend\src\controllers\postController.js:91:29)
        at processTicksAndRejections (node:internal/process/task_queues:95:5)

    [0m [90m 38 |[39m [90m// Error Handler[39m
     [90m 39 |[39m app[33m.[39muse((err[33m,[39m req[33m,[39m res[33m,[39m next) [33m=>[39m {
    [31m[1m>[22m[39m[90m 40 |[39m     console[33m.[39merror([32m'Test App Error:'[39m[33m,[39m err)[33m;[39m [90m// Log error for debugging[39m
     [90m    |[39m             [31m[1m^[22m[39m
     [90m 41 |[39m     [36mconst[39m statusCode [33m=[39m err[33m.[39mstatusCode [33m||[39m [35m500[39m[33m;[39m
     [90m 42 |[39m     res[33m.[39mstatus(statusCode)[33m.[39mjson({
     [90m 43 |[39m         error[33m:[39m {[0m

      at error (tests/post.test.js:40:13)
      at Layer.handleError (node_modules/router/lib/layer.js:116:17)
      at trimPrefix (node_modules/router/index.js:340:13)
      at node_modules/router/index.js:297:9
      at processParams (node_modules/router/index.js:582:12)
      at next (node_modules/router/index.js:291:5)
      at next (node_modules/router/lib/route.js:132:14)

npm : FAIL tests/post.
test.js
위치 줄:1 문자:1
+ npm test tests/post.
test.js > test_output.
txt 2>&1
+ ~~~~~~~~~~~~~~~~~~~~
~~~~~~~~~~~~~~~~~~~~~~
~~~~~~~~
    + CategoryInfo    
          : NotSpeci  
  fied: (FAIL tests   
 /post.test.js:Str    
ing) [], RemoteEx    c
eption
    + FullyQualifiedE 
   rrorId : NativeCo  
  mmandError
 
  Post Controller
    GET /api/posts/lin
e/:lineId
      ??should return 
posts for a valid line
 (35 ms)
      횞 should return 
400 for invalid line I
D (65 ms)
    POST /api/posts
      ??should create 
a post if authenticate
d (19 ms)
      횞 should return 
400 if content is empt
y (13 ms)

  ??Post Controller ??
GET /api/posts/line/:l
ineId ??should return 
400 for invalid line I
D

    expect(received).t
oBe(expected) // Objec
t.is equality

    Expected: 400
    Received: 500

    [0m [90m 73 |[3
9m             [36mif
[39m (res[33m.[39ms
tatusCode [33m!==[39
m [35m400[39m) conso
le[33m.[39mlog([32m
'GET /line/999 failed 
body:'[39m[33m,[39m
 res[33m.[39mbody)[
33m;[39m
     [90m 74 |[39m
    [31m[1m>[22m[3
9m[90m 75 |[39m     
        expect(res[33
m.[39mstatusCode)[33
m.[39mtoBe([35m400[
39m)[33m;[39m
     [90m    |[39m  
                      
            [31m[1m^
[22m[39m
     [90m 76 |[39m  
           expect(res
[33m.[39mbody[33m.[
39merror[33m.[39mcod
e)[33m.[39mtoBe([33
mErrorCodes[39m[33m.
[39m[33mVALIDATION_I
NVALID_LINE[39m)[33m
;[39m
     [90m 77 |[39m  
       })[33m;[39m
     [90m 78 |[39m  
   })[33m;[39m[0m

      at Object.toBe (
tests/post.test.js:75:
36)

  ??Post Controller ??
POST /api/posts ??shou
ld return 400 if conte
nt is empty

    expect(received).t
oBe(expected) // Objec
t.is equality

    Expected: 400
    Received: 500

    [0m [90m 102 |[
39m                 [
33m.[39msend({ conten
t[33m:[39m [32m'   
'[39m[33m,[39m subw
ay_line_id[33m:[39m 
[35m2[39m })[33m;[
39m
     [90m 103 |[39m
    [31m[1m>[22m[3
9m[90m 104 |[39m    
         expect(res[3
3m.[39mstatusCode)[3
3m.[39mtoBe([35m400
[39m)[33m;[39m
     [90m     |[39m 
                      
             [31m[1m
^[22m[39m
     [90m 105 |[39m 
        })[33m;[39m
     [90m 106 |[39m 
    })[33m;[39m
     [90m 107 |[39m 
})[33m;[39m[0m

      at Object.toBe (
tests/post.test.js:104
:36)

Test Suites: 1 failed,
 1 total
Tests:       2 failed,
 2 passed, 4 total
Snapshots:   0 total
Time:        1.052 s, 
estimated 2 s
Ran all test suites ma
tching tests/post.test
.js.
